// Vitest Snapshot v1

exports[`SwipeModal > renders correctly 1`] = `
"<div class=\\"swipe-modal swipe-modal--white\\" data-v-424ad7ad=\\"\\">
  <div class=\\"swipe-modal__wrapper\\" data-v-424ad7ad=\\"\\" style=\\"margin-top: 120px;\\">
    <div class=\\"swipe-modal__close\\" data-v-424ad7ad=\\"\\"></div>
    <div class=\\"swipe-modal__content\\" data-v-424ad7ad=\\"\\"></div>
  </div>
</div>"
`;
